<html>
<body>
<pre>
<h1>µVision Build Log</h1>
<h2>Tool Versions:</h2>
IDE-Version: ¦ÌVision V5.17.0.0
Copyright (C) 2015 ARM Ltd and ARM Germany GmbH. All rights reserved.
License Information: 1 1, 1@1.com, LIC=TA3Y8-3VD1H-RDQK3-AIXJV-KLD23-21CM7
 
Tool Versions:
Toolchain:       MDK-ARM Professional  Version: 5.17
Toolchain Path:  C:\Keil_v5\ARM\ARMCC\Bin
C Compiler:      Armcc.exe V5.06 update 1 (build 61)
Assembler:       Armasm.exe V5.06 update 1 (build 61)
Linker/Locator:  ArmLink.exe V5.06 update 1 (build 61)
Library Manager: ArmAr.exe V5.06 update 1 (build 61)
Hex Converter:   FromElf.exe V5.06 update 1 (build 61)
CPU DLL:         SARMCM3.DLL V5.17
Dialog DLL:      DCM.DLL V1.13.4.0
Target DLL:      CMSIS_AGDI.dll V1.23.1.0
Dialog DLL:      TCM.DLL V1.14.6.0
 
<h2>Project:</h2>
I:\git\CWA\spi\f429_spi_yehuo\Project\RVMDK£¨uv5£©\BH-F429.uvprojx
Project File Date:  03/24/2017

<h2>Output:</h2>
*** Using Compiler 'V5.06 update 1 (build 61)', folder: 'C:\Keil_v5\ARM\ARMCC\Bin'
Build target '¹¤³ÌÄ£°å'
compiling stm32f4xx_it.c...
..\..\User\spi.h(139): warning:  #1-D: last line of file ends without a newline
  #endif
..\..\User\stm32f4xx_it.c(185): warning:  #223-D: function "memset" declared implicitly
  	memset(aTxBuffer, 0, BUFFERSIZE);
..\..\User\stm32f4xx_it.c(187): warning:  #223-D: function "strlen" declared implicitly
  	if(Buffercmp(
MD_HELLO, aRxBuffer, strlen(CMD_HELLO)) == PASSED)
..\..\User\stm32f4xx_it.c(197): warning:  #223-D: function "sprintf" declared implicitly
  		sprintf((aTxBuffer+index), "%f", 88.9f);
..\..\User\stm32f4xx_it.c: 4 warnings, 0 errors
linking...
Program Size: Code=7232 RO-data=460 RW-data=40 ZI-data=1248  
FromELF: creating hex file...
"..\..\Output\Template.axf" - 0 Error(s), 4 Warning(s).

<h2>Collection of Component include folders:</h2>
  I:\git\CWA\spi\f429_spi_yehuo\Project\RVMDK£¨uv5£©\RTE
  C:\Keil_v5\ARM\PACK\Keil\STM32F4xx_DFP\2.5.0\Drivers\CMSIS\Device\ST\STM32F4xx\Include

<h2>Collection of Component Files used:</h2>
Build Time Elapsed:  00:00:02
</pre>
</body>
</html>
